CREATE EXTENSION hll VERSION '2.16';
-- We only need the latest sql file when release. So there is no need to test
-- the upgrade SQL file
-- ALTER EXTENSION hll UPDATE TO '2.11';
-- ALTER EXTENSION hll UPDATE TO '2.12';
-- ALTER EXTENSION hll UPDATE TO '2.13';
-- ALTER EXTENSION hll UPDATE TO '2.14';
-- ALTER EXTENSION hll UPDATE TO '2.15';
-- ALTER EXTENSION hll UPDATE TO '2.16';
